// Vitest Snapshot v1, https://vitest.dev/guide/snapshot.html

exports[`Configuration Parser > should parse a valid configuration 1`] = `
{
  "attemptSilentLogin": false,
  "authRequired": true,
  "authorizationParams": {
    "response_type": "code",
    "scope": "openid profile email",
  },
  "baseURL": "https://app.example.com",
  "clientAuthMethod": "client_secret_basic",
  "clientID": "test-client-id",
  "clientSecret": "test",
  "clockTolerance": 60,
  "customRoutes": [],
  "debug": [Function],
  "discoveryCacheMaxAge": 600000,
  "enableTelemetry": true,
  "errorOnRequiredAuth": false,
  "excludedClaims": [
    "aud",
    "iss",
    "iat",
    "exp",
    "nbf",
    "nonce",
    "azp",
    "auth_time",
    "s_hash",
    "at_hash",
    "c_hash",
  ],
  "fetch": [Function],
  "httpTimeout": 5000,
  "httpUserAgent": "hono-openid-connect",
  "idTokenSigningAlg": "RS256",
  "idpLogout": false,
  "issuerBaseURL": "https://auth.example.com",
  "pushedAuthorizationRequests": false,
  "routes": {
    "callback": "/callback",
    "login": "/login",
    "logout": "/logout",
  },
  "session": {
    "cookieOptions": {
      "httpOnly": true,
      "path": "/",
      "sameSite": "Lax",
      "secure": true,
      "sessionCookieName": "session",
    },
    "encryptionKey": "test encryption key fdsgfds gfds ",
    "expireAfterSeconds": 86400,
    "sessionCookieName": "appSession",
    "store": CookieStore {
      "cookieOptions": undefined,
      "encryptionKey": undefined,
      "sessionCookieName": "session",
    },
  },
}
`;
